// Jest Snapshot v1, https://goo.gl/fbAQLP

exports[`render 1`] = `
<DocumentFragment>
  <div
    class="sc-htpNat iwuHyY"
  >
    <h2
      class="sc-bxivhb iBKOoG"
    >
      Uczmy się razem!
    </h2>
    <div
      class="sc-bdVaJa cBJcMp"
    >
      <a
        href="/login"
      >
        <button
          class="sc-bwzfXH kOWHHY"
        >
          Załóż konto
        </button>
      </a>
    </div>
  </div>
</DocumentFragment>
`;
